d:\github\baekjoon_practice\practice_baekjoon\practice.870d3afa\x64\debug\vc143.pdb
d:\github\baekjoon_practice\practice_baekjoon\practice.870d3afa\x64\debug\vc143.idb
d:\github\baekjoon_practice\practice_baekjoon\practice.870d3afa\x64\debug\main.obj
d:\github\baekjoon_practice\practice_baekjoon\practice.870d3afa\x64\debug\problem_9020.obj
d:\github\baekjoon_practice\practice_baekjoon\practice.870d3afa\x64\debug\problem_1153.obj
d:\github\baekjoon_practice\practice_baekjoon\practice.870d3afa\x64\debug\problem_11054.obj
d:\github\baekjoon_practice\practice_baekjoon\practice.870d3afa\x64\debug\problem_1103.obj
d:\github\baekjoon_practice\practice_baekjoon\x64\debug\practice_baekjoon.exe
d:\github\baekjoon_practice\practice_baekjoon\x64\debug\practice_baekjoon.pdb
d:\github\baekjoon_practice\practice_baekjoon\practice.870d3afa\x64\debug\practice_baekjoon.ilk
d:\github\baekjoon_practice\practice_baekjoon\practice.870d3afa\x64\debug\problem_1009.obj
d:\github\baekjoon_practice\practice_baekjoon\practice.870d3afa\x64\debug\problem_1012.obj
d:\github\baekjoon_practice\practice_baekjoon\practice.870d3afa\x64\debug\problem_1018.obj
d:\github\baekjoon_practice\practice_baekjoon\practice.870d3afa\x64\debug\problem_10773.obj
d:\github\baekjoon_practice\practice_baekjoon\practice.870d3afa\x64\debug\problem_10808.obj
d:\github\baekjoon_practice\practice_baekjoon\practice.870d3afa\x64\debug\problem_10814.obj
d:\github\baekjoon_practice\practice_baekjoon\practice.870d3afa\x64\debug\problem_11053.obj
d:\github\baekjoon_practice\practice_baekjoon\practice.870d3afa\x64\debug\problem_11659.obj
d:\github\baekjoon_practice\practice_baekjoon\practice.870d3afa\x64\debug\problem_11724.obj
d:\github\baekjoon_practice\practice_baekjoon\practice.870d3afa\x64\debug\problem_11726.obj
d:\github\baekjoon_practice\practice_baekjoon\practice.870d3afa\x64\debug\problem_11727.obj
d:\github\baekjoon_practice\practice_baekjoon\practice.870d3afa\x64\debug\problem_1181.obj
d:\github\baekjoon_practice\practice_baekjoon\practice.870d3afa\x64\debug\problem_2579.obj
d:\github\baekjoon_practice\practice_baekjoon\practice.870d3afa\x64\debug\problem_2638.obj
d:\github\baekjoon_practice\practice_baekjoon\practice.870d3afa\x64\debug\problem_9020.obj.enc
d:\github\baekjoon_practice\practice_baekjoon\practice.870d3afa\x64\debug\practice.870d3afa.tlog\cl.command.1.tlog
d:\github\baekjoon_practice\practice_baekjoon\practice.870d3afa\x64\debug\practice.870d3afa.tlog\cl.items.tlog
d:\github\baekjoon_practice\practice_baekjoon\practice.870d3afa\x64\debug\practice.870d3afa.tlog\cl.read.1.tlog
d:\github\baekjoon_practice\practice_baekjoon\practice.870d3afa\x64\debug\practice.870d3afa.tlog\cl.write.1.tlog
d:\github\baekjoon_practice\practice_baekjoon\practice.870d3afa\x64\debug\practice.870d3afa.tlog\link.command.1.tlog
d:\github\baekjoon_practice\practice_baekjoon\practice.870d3afa\x64\debug\practice.870d3afa.tlog\link.read.1.tlog
d:\github\baekjoon_practice\practice_baekjoon\practice.870d3afa\x64\debug\practice.870d3afa.tlog\link.secondary.1.tlog
d:\github\baekjoon_practice\practice_baekjoon\practice.870d3afa\x64\debug\practice.870d3afa.tlog\link.write.1.tlog
